// Jest Snapshot v1, https://goo.gl/fbAQLP

exports[`SpriteSelectorItem Container matches the snapshot 1`] = `
<div
  className={undefined}
>
  <div
    className=""
  >
    <div
      className={undefined}
    >
      <label
        className={undefined}
      >
        <span
          className={undefined}
        >
          Sprite
        </span>
        <input
          className=""
          disabled={undefined}
          onBlur={[Function]}
          onChange={[Function]}
          onKeyPress={[Function]}
          onSubmit={[Function]}
          placeholder="Name"
          tabIndex="1"
          type="text"
          value="name"
        />
      </label>
    </div>
    <div
      className={undefined}
    >
      <div
        className={undefined}
      >
        <img
          className=""
          src="test-file-stub"
        />
      </div>
      <label
        className={undefined}
      >
        <span
          className={undefined}
        >
          x
        </span>
        <input
          className="undefined"
          disabled={undefined}
          onBlur={[Function]}
          onChange={[Function]}
          onKeyPress={[Function]}
          onSubmit={[Function]}
          placeholder="x"
          tabIndex="2"
          type="text"
          value={100}
        />
      </label>
    </div>
    <div
      className={undefined}
    >
      <div
        className={undefined}
      >
        <img
          className=""
          src="test-file-stub"
        />
      </div>
      <label
        className={undefined}
      >
        <span
          className={undefined}
        >
          y
        </span>
        <input
          className="undefined"
          disabled={undefined}
          onBlur={[Function]}
          onChange={[Function]}
          onKeyPress={[Function]}
          onSubmit={[Function]}
          placeholder="y"
          tabIndex="3"
          type="text"
          value={-100}
        />
      </label>
    </div>
  </div>
  <div
    className=""
  >
    <div
      className={undefined}
    >
      <label
        className={undefined}
      >
        <span
          className={undefined}
        >
          Show
        </span>
        <div>
          <div
            className=""
            onClick={[Function]}
            tabIndex="4"
          >
            <img
              className={undefined}
              src="test-file-stub"
            />
          </div>
          <div
            className=""
            onClick={[Function]}
            tabIndex="4"
          >
            <img
              className={undefined}
              src="test-file-stub"
            />
          </div>
        </div>
      </label>
    </div>
    <div
      className={undefined}
    >
      <label
        className={undefined}
      >
        <span
          className={undefined}
        >
          Direction
        </span>
        <input
          className="undefined"
          disabled={undefined}
          label="Direction"
          onBlur={[Function]}
          onChange={[Function]}
          onKeyPress={[Function]}
          onSubmit={[Function]}
          tabIndex="5"
          type="text"
          value={50}
        />
      </label>
    </div>
    <div
      className={undefined}
    >
      <label
        className={undefined}
      >
        <span
          className={undefined}
        >
          Rotation
        </span>
        <select
          className=""
          disabled={undefined}
          onChange={[Function]}
          value={undefined}
        >
          <option
            value="left-right"
          >
            left-right
          </option>
          <option
            value="don't rotate"
          >
            don't rotate
          </option>
          <option
            value="all around"
          >
            all around
          </option>
        </select>
      </label>
    </div>
  </div>
</div>
`;
